============================================================
BANK OF ANTHOS - QUERY TESTING
============================================================
Base URL: http://localhost:8000
JWT Token: SET
============================================================
{"ts": "2025-09-20 01:28:42,030", "level": "INFO", "service": "orchestrator", "correlation_id": "bc7526a0-e398-4a69-b1ec-feeeb9577e0a", "message": "Request started: GET /health"}
INFO:     10.244.0.1:39240 - "GET /health HTTP/1.1" 200 OK
{"ts": "2025-09-20 01:28:43,670", "level": "INFO", "service": "orchestrator", "correlation_id": "e2dea8e9-017a-4051-8ede-975f66e249ee", "message": "Request started: GET /health"}
INFO:     10.244.0.1:42454 - "GET /health HTTP/1.1" 200 OK
{"ts": "2025-09-20 01:28:48,670", "level": "INFO", "service": "orchestrator", "correlation_id": "949b72f0-6430-4564-a1f8-a76d12c81506", "message": "Request started: GET /health"}
INFO:     10.244.0.1:42468 - "GET /health HTTP/1.1" 200 OK
{"ts": "2025-09-20 01:28:52,030", "level": "INFO", "service": "orchestrator", "correlation_id": "e3bcb0c9-f202-4e0d-87f9-a7aecd8724b2", "message": "Request started: GET /health"}
INFO:     10.244.0.1:42484 - "GET /health HTTP/1.1" 200 OK
{"ts": "2025-09-20 01:28:53,672", "level": "INFO", "service": "orchestrator", "correlation_id": "de63545f-4376-4080-9193-9a23e3985141", "message": "Request started: GET /health"}
INFO:     10.244.0.1:57576 - "GET /health HTTP/1.1" 200 OK
{"ts": "2025-09-20 01:28:58,670", "level": "INFO", "service": "orchestrator", "correlation_id": "0f38343a-1e16-4f7c-97df-963b05968f4b", "message": "Request started: GET /health"}
INFO:     10.244.0.1:57588 - "GET /health HTTP/1.1" 200 OK
{"ts": "2025-09-20 01:29:02,030", "level": "INFO", "service": "orchestrator", "correlation_id": "7d466507-1406-44ac-b76e-cb415472d711", "message": "Request started: GET /health"}
INFO:     10.244.0.1:57602 - "GET /health HTTP/1.1" 200 OK
{"ts": "2025-09-20 01:29:03,670", "level": "INFO", "service": "orchestrator", "correlation_id": "144ece1f-d4e3-433a-8f60-bcdb6d2d8889", "message": "Request started: GET /health"}
INFO:     10.244.0.1:43590 - "GET /health HTTP/1.1" 200 OK
{"ts": "2025-09-20 01:29:08,671", "level": "INFO", "service": "orchestrator", "correlation_id": "a445107b-4f3f-4858-a273-9adc55e285f8", "message": "Request started: GET /health"}
INFO:     10.244.0.1:43600 - "GET /health HTTP/1.1" 200 OK
{"ts": "2025-09-20 01:29:12,030", "level": "INFO", "service": "orchestrator", "correlation_id": "733ec1e3-cbdf-4de6-83ba-b9d50b915298", "message": "Request started: GET /health"}
INFO:     10.244.0.1:43608 - "GET /health HTTP/1.1" 200 OK
{"ts": "2025-09-20 01:29:13,672", "level": "INFO", "service": "orchestrator", "correlation_id": "cf930506-a854-4c74-abdd-94587d23d254", "message": "Request started: GET /health"}
INFO:     10.244.0.1:33892 - "GET /health HTTP/1.1" 200 OK
{"ts": "2025-09-20 01:29:18,668", "level": "INFO", "service": "orchestrator", "correlation_id": "574187c1-dba1-42d7-a989-26ff655b07e7", "message": "Request started: GET /health"}
INFO:     10.244.0.1:33900 - "GET /health HTTP/1.1" 200 OK
{"ts": "2025-09-20 01:29:22,027", "level": "INFO", "service": "orchestrator", "correlation_id": "a7cc2c48-8620-4ba2-9b08-f81a6899325e", "message": "Request started: GET /health"}
INFO:     10.244.0.1:33908 - "GET /health HTTP/1.1" 200 OK
{"ts": "2025-09-20 01:29:23,668", "level": "INFO", "service": "orchestrator", "correlation_id": "f1e5f62d-ca3c-49b6-a395-af91388a2b62", "message": "Request started: GET /health"}
INFO:     10.244.0.1:32828 - "GET /health HTTP/1.1" 200 OK
{"ts": "2025-09-20 01:29:28,668", "level": "INFO", "service": "orchestrator", "correlation_id": "63e8e5d3-4dff-42f4-af79-ad7501aa0ada", "message": "Request started: GET /health"}
INFO:     10.244.0.1:32844 - "GET /health HTTP/1.1" 200 OK
{"ts": "2025-09-20 01:29:32,029", "level": "INFO", "service": "orchestrator", "correlation_id": "c3eecb33-55b2-4e82-b9d7-f72ab0ad2501", "message": "Request started: GET /health"}
INFO:     10.244.0.1:32852 - "GET /health HTTP/1.1" 200 OK
{"ts": "2025-09-20 01:29:33,668", "level": "INFO", "service": "orchestrator", "correlation_id": "6d622d6d-4a52-47ea-b68d-43da04c6836c", "message": "Request started: GET /health"}
INFO:     10.244.0.1:38842 - "GET /health HTTP/1.1" 200 OK
{"ts": "2025-09-20 01:29:37,658", "level": "INFO", "service": "orchestrator", "correlation_id": "9ea84704-388e-4981-b26f-6adc86d2e355", "message": "Request started: GET /notifications/testuser"}
INFO:     10.244.1.190:43400 - "GET /notifications/testuser HTTP/1.1" 404 Not Found
{"ts": "2025-09-20 01:29:38,668", "level": "INFO", "service": "orchestrator", "correlation_id": "363a801e-749e-43d8-b844-f46ab646bb3e", "message": "Request started: GET /health"}
INFO:     10.244.0.1:38856 - "GET /health HTTP/1.1" 200 OK
{"ts": "2025-09-20 01:29:40,436", "level": "INFO", "service": "orchestrator", "correlation_id": "a49daab5-1d6e-4b85-9ec3-0f53a1e42074", "message": "Request started: GET /health"}
INFO:     127.0.0.1:45046 - "GET /health HTTP/1.1" 200 OK
INFO:     10.244.0.1:58232 - "GET /v1/health HTTP/1.1" 200 OK
INFO:     10.244.0.1:58248 - "GET /v1/health HTTP/1.1" 200 OK
INFO:     10.244.0.1:58250 - "GET /v1/health HTTP/1.1" 200 OK
INFO:     10.244.0.1:53718 - "GET /v1/health HTTP/1.1" 200 OK
INFO:     10.244.0.1:53726 - "GET /v1/health HTTP/1.1" 200 OK
INFO:     10.244.0.1:53730 - "GET /v1/health HTTP/1.1" 200 OK
INFO:     10.244.0.1:34440 - "GET /v1/health HTTP/1.1" 200 OK
INFO:     10.244.0.1:34454 - "GET /v1/health HTTP/1.1" 200 OK
INFO:     10.244.0.1:34464 - "GET /v1/health HTTP/1.1" 200 OK
INFO:     10.244.0.1:50026 - "GET /v1/health HTTP/1.1" 200 OK
INFO:     10.244.0.1:50032 - "GET /v1/health HTTP/1.1" 200 OK
INFO:     10.244.0.1:50046 - "GET /v1/health HTTP/1.1" 200 OK
INFO:     10.244.0.1:50244 - "GET /v1/health HTTP/1.1" 200 OK
INFO:     10.244.0.1:50248 - "GET /v1/health HTTP/1.1" 200 OK
INFO:     10.244.0.1:50258 - "GET /v1/health HTTP/1.1" 200 OK
INFO:     10.244.0.1:41028 - "GET /v1/health HTTP/1.1" 200 OK
INFO:     10.244.0.1:41044 - "GET /v1/health HTTP/1.1" 200 OK
INFO:     10.244.0.1:41046 - "GET /v1/health HTTP/1.1" 200 OK
INFO:     10.244.0.1:42272 - "GET /v1/health HTTP/1.1" 200 OK
INFO:     10.244.0.1:44724 - "GET /v1/health HTTP/1.1" 200 OK
INFO:     10.244.0.1:44726 - "GET /v1/health HTTP/1.1" 200 OK
INFO:     10.244.0.1:44730 - "GET /v1/health HTTP/1.1" 200 OK
INFO:     10.244.0.1:50912 - "GET /v1/health HTTP/1.1" 200 OK
INFO:     10.244.0.1:50918 - "GET /v1/health HTTP/1.1" 200 OK
INFO:     10.244.0.1:50928 - "GET /v1/health HTTP/1.1" 200 OK
INFO:     10.244.0.1:35402 - "GET /v1/health HTTP/1.1" 200 OK
INFO:     10.244.0.1:35410 - "GET /v1/health HTTP/1.1" 200 OK
INFO:     10.244.0.1:35420 - "GET /v1/health HTTP/1.1" 200 OK
INFO:     10.244.0.1:60060 - "GET /v1/health HTTP/1.1" 200 OK
INFO:     10.244.0.1:60064 - "GET /v1/health HTTP/1.1" 200 OK
INFO:     10.244.0.1:60072 - "GET /v1/health HTTP/1.1" 200 OK
INFO:     10.244.0.1:60544 - "GET /v1/health HTTP/1.1" 200 OK
INFO:     10.244.0.1:60550 - "GET /v1/health HTTP/1.1" 200 OK
INFO:     10.244.0.1:60556 - "GET /v1/health HTTP/1.1" 200 OK
INFO:     10.244.0.1:40474 - "GET /v1/health HTTP/1.1" 200 OK
INFO:     10.244.0.1:40490 - "GET /v1/health HTTP/1.1" 200 OK
INFO:     10.244.0.1:44052 - "GET /v1/health HTTP/1.1" 200 OK
INFO:     10.244.0.1:51998 - "GET /v1/health HTTP/1.1" 200 OK
INFO:     10.244.0.1:52014 - "GET /v1/health HTTP/1.1" 200 OK
INFO:     10.244.0.1:52016 - "GET /v1/health HTTP/1.1" 200 OK
INFO:     10.244.0.1:60658 - "GET /v1/health HTTP/1.1" 200 OK
INFO:     10.244.0.1:60660 - "GET /v1/health HTTP/1.1" 200 OK
INFO:     10.244.0.1:60662 - "GET /v1/health HTTP/1.1" 200 OK
INFO:     10.244.0.1:48194 - "GET /v1/health HTTP/1.1" 200 OK
INFO:     10.244.0.1:48206 - "GET /v1/health HTTP/1.1" 200 OK
INFO:     10.244.0.1:48214 - "GET /v1/health HTTP/1.1" 200 OK
INFO:     10.244.0.1:54892 - "GET /v1/health HTTP/1.1" 200 OK
INFO:     10.244.0.1:54906 - "GET /v1/health HTTP/1.1" 200 OK
INFO:     10.244.0.1:54922 - "GET /v1/health HTTP/1.1" 200 OK
INFO:     10.244.0.1:36622 - "GET /v1/health HTTP/1.1" 200 OK
INFO:     10.244.0.1:36634 - "GET /v1/health HTTP/1.1" 200 OK
INFO:     10.244.0.1:36638 - "GET /v1/health HTTP/1.1" 200 OK
INFO:     10.244.0.1:37190 - "GET /v1/health HTTP/1.1" 200 OK
INFO:     10.244.0.1:37198 - "GET /v1/health HTTP/1.1" 200 OK
INFO:     10.244.0.1:42816 - "GET /v1/health HTTP/1.1" 200 OK
INFO:     10.244.0.1:42832 - "GET /v1/health HTTP/1.1" 200 OK
INFO:     10.244.0.1:42842 - "GET /v1/health HTTP/1.1" 200 OK
INFO:     10.244.0.1:44250 - "GET /v1/health HTTP/1.1" 200 OK
INFO:     10.244.0.1:44252 - "GET /v1/health HTTP/1.1" 200 OK
INFO:     10.244.0.1:44260 - "GET /v1/health HTTP/1.1" 200 OK
INFO:     10.244.0.1:33398 - "GET /v1/health HTTP/1.1" 200 OK
INFO:     10.244.0.1:33404 - "GET /v1/health HTTP/1.1" 200 OK
INFO:     10.244.0.1:33420 - "GET /v1/health HTTP/1.1" 200 OK
INFO:     10.244.0.1:59396 - "GET /v1/health HTTP/1.1" 200 OK
INFO:     10.244.0.1:59408 - "GET /v1/health HTTP/1.1" 200 OK
INFO:     10.244.0.1:59416 - "GET /v1/health HTTP/1.1" 200 OK
INFO:     10.244.0.1:42802 - "GET /v1/health HTTP/1.1" 200 OK
INFO:     10.244.0.1:42818 - "GET /v1/health HTTP/1.1" 200 OK
INFO:     10.244.0.1:42820 - "GET /v1/health HTTP/1.1" 200 OK
INFO:     10.244.0.1:37638 - "GET /v1/health HTTP/1.1" 200 OK
INFO:     10.244.0.1:37640 - "GET /v1/health HTTP/1.1" 200 OK
INFO:     10.244.0.1:37656 - "GET /v1/health HTTP/1.1" 200 OK
